
> react-kavia@0.1.0 start
> react-scripts start

(node:523) [DEP_WEBPACK_DEV_SERVER_ON_AFTER_SETUP_MIDDLEWARE] DeprecationWarning: 'onAfterSetupMiddleware' option is deprecated. Please use the 'setupMiddlewares' option.
(Use `node --trace-deprecation ...` to show where the warning was created)
(node:523) [DEP_WEBPACK_DEV_SERVER_ON_BEFORE_SETUP_MIDDLEWARE] DeprecationWarning: 'onBeforeSetupMiddleware' option is deprecated. Please use the 'setupMiddlewares' option.
Starting the development server...

Compiled successfully!

You can now view react-kavia in the browser.

  Local:            http://localhost:3000
  On Your Network:  http://172.17.0.2:3000

Note that the development build is not optimized.
To create a production build, use npm run build.

webpack compiled successfully
Compiling...
Failed to compile.

Module not found: Error: Can't resolve './features/DrawingCanvas/DrawingCanvas' in '/home/kavia/workspace/code-generation/artmentor-27297-fa07f1e1/artmentor_webapp/src'
ERROR in ./src/App.js 23:0-67
Module not found: Error: Can't resolve './features/DrawingCanvas/DrawingCanvas' in '/home/kavia/workspace/code-generation/artmentor-27297-fa07f1e1/artmentor_webapp/src'

ERROR in ./src/App.js 24:0-61
Module not found: Error: Can't resolve './features/AIAssistant/AIAssistant' in '/home/kavia/workspace/code-generation/artmentor-27297-fa07f1e1/artmentor_webapp/src'

ERROR in ./src/App.js 25:0-49
Module not found: Error: Can't resolve './features/Lessons/Lessons' in '/home/kavia/workspace/code-generation/artmentor-27297-fa07f1e1/artmentor_webapp/src'

ERROR in ./src/App.js 26:0-52
Module not found: Error: Can't resolve './features/Progress/Progress' in '/home/kavia/workspace/code-generation/artmentor-27297-fa07f1e1/artmentor_webapp/src'

webpack compiled with 4 errors
Compiling...
Failed to compile.

Module not found: Error: Can't resolve './features/DrawingCanvas/DrawingCanvas' in '/home/kavia/workspace/code-generation/artmentor-27297-fa07f1e1/artmentor_webapp/src'
ERROR in ./src/App.js 23:0-67
Module not found: Error: Can't resolve './features/DrawingCanvas/DrawingCanvas' in '/home/kavia/workspace/code-generation/artmentor-27297-fa07f1e1/artmentor_webapp/src'

ERROR in ./src/App.js 24:0-61
Module not found: Error: Can't resolve './features/AIAssistant/AIAssistant' in '/home/kavia/workspace/code-generation/artmentor-27297-fa07f1e1/artmentor_webapp/src'

ERROR in ./src/App.js 25:0-49
Module not found: Error: Can't resolve './features/Lessons/Lessons' in '/home/kavia/workspace/code-generation/artmentor-27297-fa07f1e1/artmentor_webapp/src'

ERROR in ./src/App.js 26:0-52
Module not found: Error: Can't resolve './features/Progress/Progress' in '/home/kavia/workspace/code-generation/artmentor-27297-fa07f1e1/artmentor_webapp/src'

webpack compiled with 4 errors
